
Oshadha@LAPTOP-807BN4JN MINGW64 ~/OneDrive/Desktop
$ cd Myapp

Oshadha@LAPTOP-807BN4JN MINGW64 ~/OneDrive/Desktop/Myapp
$ touch index.html

Oshadha@LAPTOP-807BN4JN MINGW64 ~/OneDrive/Desktop/Myapp
$ touch app.js

Oshadha@LAPTOP-807BN4JN MINGW64 ~/OneDrive/Desktop/Myapp
$ touch style.css

Oshadha@LAPTOP-807BN4JN MINGW64 ~/OneDrive/Desktop/Myapp
$ code .

Oshadha@LAPTOP-807BN4JN MINGW64 ~/OneDrive/Desktop/Myapp
$ git init
Initialized empty Git repository in C:/Users/Oshadha/OneDrive/Desktop/Myapp/.git
/

Oshadha@LAPTOP-807BN4JN MINGW64 ~/OneDrive/Desktop/Myapp (master)
$ git config --global user.name 'OshBurah'

Oshadha@LAPTOP-807BN4JN MINGW64 ~/OneDrive/Desktop/Myapp (master)
$ git config --global user.email 'studentimantha27@gmail.com'

Oshadha@LAPTOP-807BN4JN MINGW64 ~/OneDrive/Desktop/Myapp (master)
$ git add index.html

Oshadha@LAPTOP-807BN4JN MINGW64 ~/OneDrive/Desktop/Myapp (master)
$ git status
On branch master

No commits yet

Changes to be committed:
  (use "git rm --cached <file>..." to unstage)
        new file:   index.html

Untracked files:
  (use "git add <file>..." to include in what will be committed)
        app.js
        style.css


Oshadha@LAPTOP-807BN4JN MINGW64 ~/OneDrive/Desktop/Myapp (master)
$ git rm --cached index.html
rm 'index.html'

Oshadha@LAPTOP-807BN4JN MINGW64 ~/OneDrive/Desktop/Myapp (master)
$ git status
On branch master

No commits yet

Untracked files:
  (use "git add <file>..." to include in what will be committed)
        app.js
        index.html
        style.css

nothing added to commit but untracked files present (use "git add" to track)

Oshadha@LAPTOP-807BN4JN MINGW64 ~/OneDrive/Desktop/Myapp (master)
$ touch login.html

Oshadha@LAPTOP-807BN4JN MINGW64 ~/OneDrive/Desktop/Myapp (master)
$ touch about.html

Oshadha@LAPTOP-807BN4JN MINGW64 ~/OneDrive/Desktop/Myapp (master)
$ touch sign.html

Oshadha@LAPTOP-807BN4JN MINGW64 ~/OneDrive/Desktop/Myapp (master)
$ rm sign.html

Oshadha@LAPTOP-807BN4JN MINGW64 ~/OneDrive/Desktop/Myapp (master)
$ ls
about.html  app.js  index.html  login.html  style.css

Oshadha@LAPTOP-807BN4JN MINGW64 ~/OneDrive/Desktop/Myapp (master)
$ git status
On branch master

No commits yet

Untracked files:
  (use "git add <file>..." to include in what will be committed)
        about.html
        app.js
        index.html
        login.html
        style.css

nothing added to commit but untracked files present (use "git add" to track)

Oshadha@LAPTOP-807BN4JN MINGW64 ~/OneDrive/Desktop/Myapp (master)
$ git add *.html

Oshadha@LAPTOP-807BN4JN MINGW64 ~/OneDrive/Desktop/Myapp (master)
$ git status
On branch master

No commits yet

Changes to be committed:
  (use "git rm --cached <file>..." to unstage)
        new file:   about.html
        new file:   index.html
        new file:   login.html

Untracked files:
  (use "git add <file>..." to include in what will be committed)
        app.js
        style.css


Oshadha@LAPTOP-807BN4JN MINGW64 ~/OneDrive/Desktop/Myapp (master)
$ git add *.js

Oshadha@LAPTOP-807BN4JN MINGW64 ~/OneDrive/Desktop/Myapp (master)
$ git add *.css

Oshadha@LAPTOP-807BN4JN MINGW64 ~/OneDrive/Desktop/Myapp (master)
$ git status
On branch master

No commits yet

Changes to be committed:
  (use "git rm --cached <file>..." to unstage)
        new file:   about.html
        new file:   app.js
        new file:   index.html
        new file:   login.html
        new file:   style.css


Oshadha@LAPTOP-807BN4JN MINGW64 ~/OneDrive/Desktop/Myapp (master)
$ touch contactUs.html

Oshadha@LAPTOP-807BN4JN MINGW64 ~/OneDrive/Desktop/Myapp (master)
$ touch style2.css

Oshadha@LAPTOP-807BN4JN MINGW64 ~/OneDrive/Desktop/Myapp (master)
$ git status
On branch master

No commits yet

Changes to be committed:
  (use "git rm --cached <file>..." to unstage)
        new file:   about.html
        new file:   app.js
        new file:   index.html
        new file:   login.html
        new file:   style.css

Untracked files:
  (use "git add <file>..." to include in what will be committed)
        contactUs.html
        style2.css


Oshadha@LAPTOP-807BN4JN MINGW64 ~/OneDrive/Desktop/Myapp (master)
$ git add .

Oshadha@LAPTOP-807BN4JN MINGW64 ~/OneDrive/Desktop/Myapp (master)
$ git status
On branch master

No commits yet

Changes to be committed:
  (use "git rm --cached <file>..." to unstage)
        new file:   about.html
        new file:   app.js
        new file:   contactUs.html
        new file:   index.html
        new file:   login.html
        new file:   style.css
        new file:   style2.css


Oshadha@LAPTOP-807BN4JN MINGW64 ~/OneDrive/Desktop/Myapp (master)
$ git status
On branch master

No commits yet

Changes to be committed:
  (use "git rm --cached <file>..." to unstage)
        new file:   about.html
        new file:   app.js
        new file:   contactUs.html
        new file:   index.html
        new file:   login.html
        new file:   style.css
        new file:   style2.css



























































[master (root-commit) 1725eb1] Initial commit
 7 files changed, 37 insertions(+)
 create mode 100644 about.html
 create mode 100644 app.js










































[master df773bd]  Changes to be committed:      new file:   New Text Document.txt
 1 file changed, 198 insertions(+)
 create mode 100644 New Text Document.txt

Oshadha@LAPTOP-807BN4JN MINGW64 ~/OneDrive/Desktop/Myapp (master)
$ git status
On branch master
nothing to commit, working tree clean

Oshadha@LAPTOP-807BN4JN MINGW64 ~/OneDrive/Desktop/Myapp (master)
$ git status
On branch master
Changes not staged for commit:
  (use "git add <file>..." to update what will be committed)
  (use "git restore <file>..." to discard changes in working directory)
        modified:   app.js

no changes added to commit (use "git add" and/or "git commit -a")

Oshadha@LAPTOP-807BN4JN MINGW64 ~/OneDrive/Desktop/Myapp (master)
$ git add app.js

Oshadha@LAPTOP-807BN4JN MINGW64 ~/OneDrive/Desktop/Myapp (master)
$ git status
On branch master
Changes to be committed:
  (use "git restore --staged <file>..." to unstage)
        modified:   app.js


Oshadha@LAPTOP-807BN4JN MINGW64 ~/OneDrive/Desktop/Myapp (master)
$ git commit -m 'Edited JS file'
[master 42accb4] Edited JS file
 1 file changed, 1 insertion(+)

Oshadha@LAPTOP-807BN4JN MINGW64 ~/OneDrive/Desktop/Myapp (master)
$ git status
On branch master
nothing to commit, working tree clean

Oshadha@LAPTOP-807BN4JN MINGW64 ~/OneDrive/Desktop/Myapp (master)
$ touch .gitignore

Oshadha@LAPTOP-807BN4JN MINGW64 ~/OneDrive/Desktop/Myapp (master)
$ touch log.txt

Oshadha@LAPTOP-807BN4JN MINGW64 ~/OneDrive/Desktop/Myapp (master)
$ ls
'New Text Document.txt'   app.js           index.html   login.html   style2.css
 about.html               contactUs.html   log.txt      style.css

Oshadha@LAPTOP-807BN4JN MINGW64 ~/OneDrive/Desktop/Myapp (master)
$ mkdir dir1

Oshadha@LAPTOP-807BN4JN MINGW64 ~/OneDrive/Desktop/Myapp (master)
$ git status
On branch master
Untracked files:
  (use "git add <file>..." to include in what will be committed)
        .gitignore

nothing added to commit but untracked files present (use "git add" to track)

Oshadha@LAPTOP-807BN4JN MINGW64 ~/OneDrive/Desktop/Myapp (master)
$ git add .

Oshadha@LAPTOP-807BN4JN MINGW64 ~/OneDrive/Desktop/Myapp (master)
$ git status
On branch master
Changes to be committed:
  (use "git restore --staged <file>..." to unstage)
        new file:   .gitignore


Oshadha@LAPTOP-807BN4JN MINGW64 ~/OneDrive/Desktop/Myapp (master)
$ git commit -m 'Another commit'
[master 7a023ee] Another commit
 1 file changed, 2 insertions(+)
 create mode 100644 .gitignore

Oshadha@LAPTOP-807BN4JN MINGW64 ~/OneDrive/Desktop/Myapp (master)
$ git status
On branch master
nothing to commit, working tree clean

Oshadha@LAPTOP-807BN4JN MINGW64 ~/OneDrive/Desktop/Myapp (master)
$ ls
'New Text Document.txt'   app.js           dir1/        log.txt      style.css
 about.html               contactUs.html   index.html   login.html   style2.css

Oshadha@LAPTOP-807BN4JN MINGW64 ~/OneDrive/Desktop/Myapp (master)
$ git branch login

Oshadha@LAPTOP-807BN4JN MINGW64 ~/OneDrive/Desktop/Myapp (master)
$ git checkout login
Switched to branch 'login'

Oshadha@LAPTOP-807BN4JN MINGW64 ~/OneDrive/Desktop/Myapp (login)
$ ls
'New Text Document.txt'   app.js           dir1/        log.txt      style.css
 about.html               contactUs.html   index.html   login.html   style2.css

Oshadha@LAPTOP-807BN4JN MINGW64 ~/OneDrive/Desktop/Myapp (login)
$ touch logged.html

Oshadha@LAPTOP-807BN4JN MINGW64 ~/OneDrive/Desktop/Myapp (login)
$ git status
On branch login
Untracked files:
  (use "git add <file>..." to include in what will be committed)
        logged.html

nothing added to commit but untracked files present (use "git add" to track)

Oshadha@LAPTOP-807BN4JN MINGW64 ~/OneDrive/Desktop/Myapp (login)
$ git add .

Oshadha@LAPTOP-807BN4JN MINGW64 ~/OneDrive/Desktop/Myapp (login)
$ git commit -m 'Loggin file added'
[login 471d07a] Loggin file added
 1 file changed, 0 insertions(+), 0 deletions(-)
 create mode 100644 logged.html

Oshadha@LAPTOP-807BN4JN MINGW64 ~/OneDrive/Desktop/Myapp (login)
$ git status
On branch login
nothing to commit, working tree clean

Oshadha@LAPTOP-807BN4JN MINGW64 ~/OneDrive/Desktop/Myapp (login)
$ git chehckout master
git: 'chehckout' is not a git command. See 'git --help'.

The most similar command is
        checkout

Oshadha@LAPTOP-807BN4JN MINGW64 ~/OneDrive/Desktop/Myapp (login)
$ checkout master
bash: checkout: command not found

Oshadha@LAPTOP-807BN4JN MINGW64 ~/OneDrive/Desktop/Myapp (login)
$ git checkout master
Switched to branch 'master'
